------------------------------------------------------------
Timing Analyzer Summary
------------------------------------------------------------

Type  : Slow 1100mV 85C Model Setup 'CLOCK_50'
Slack : -5.176
TNS   : -928.017

Type  : Slow 1100mV 85C Model Setup 'audio:audio_inst|audio_codec:codec_inst|bclk'
Slack : -4.226
TNS   : -36.294

Type  : Slow 1100mV 85C Model Setup 'clk_div'
Slack : -2.050
TNS   : -53.018

Type  : Slow 1100mV 85C Model Hold 'CLOCK_50'
Slack : 0.360
TNS   : 0.000

Type  : Slow 1100mV 85C Model Hold 'audio:audio_inst|audio_codec:codec_inst|bclk'
Slack : 0.574
TNS   : 0.000

Type  : Slow 1100mV 85C Model Hold 'clk_div'
Slack : 0.631
TNS   : 0.000

Type  : Slow 1100mV 85C Model Recovery 'CLOCK_50'
Slack : -1.363
TNS   : -156.264

Type  : Slow 1100mV 85C Model Removal 'CLOCK_50'
Slack : 0.796
TNS   : 0.000

Type  : Slow 1100mV 85C Model Minimum Pulse Width 'CLOCK_50'
Slack : -0.902
TNS   : -188.324

Type  : Slow 1100mV 85C Model Minimum Pulse Width 'clk_div'
Slack : -0.394
TNS   : -16.501

Type  : Slow 1100mV 85C Model Minimum Pulse Width 'audio:audio_inst|audio_codec:codec_inst|bclk'
Slack : -0.394
TNS   : -10.168

Type  : Slow 1100mV 0C Model Setup 'CLOCK_50'
Slack : -5.183
TNS   : -903.193

Type  : Slow 1100mV 0C Model Setup 'audio:audio_inst|audio_codec:codec_inst|bclk'
Slack : -4.372
TNS   : -36.404

Type  : Slow 1100mV 0C Model Setup 'clk_div'
Slack : -2.145
TNS   : -53.410

Type  : Slow 1100mV 0C Model Hold 'CLOCK_50'
Slack : 0.380
TNS   : 0.000

Type  : Slow 1100mV 0C Model Hold 'audio:audio_inst|audio_codec:codec_inst|bclk'
Slack : 0.544
TNS   : 0.000

Type  : Slow 1100mV 0C Model Hold 'clk_div'
Slack : 0.608
TNS   : 0.000

Type  : Slow 1100mV 0C Model Recovery 'CLOCK_50'
Slack : -1.266
TNS   : -144.774

Type  : Slow 1100mV 0C Model Removal 'CLOCK_50'
Slack : 0.753
TNS   : 0.000

Type  : Slow 1100mV 0C Model Minimum Pulse Width 'CLOCK_50'
Slack : -0.896
TNS   : -207.255

Type  : Slow 1100mV 0C Model Minimum Pulse Width 'clk_div'
Slack : -0.394
TNS   : -16.149

Type  : Slow 1100mV 0C Model Minimum Pulse Width 'audio:audio_inst|audio_codec:codec_inst|bclk'
Slack : -0.394
TNS   : -10.150

Type  : Fast 1100mV 85C Model Setup 'CLOCK_50'
Slack : -4.297
TNS   : -416.871

Type  : Fast 1100mV 85C Model Setup 'audio:audio_inst|audio_codec:codec_inst|bclk'
Slack : -2.246
TNS   : -16.692

Type  : Fast 1100mV 85C Model Setup 'clk_div'
Slack : -0.868
TNS   : -21.854

Type  : Fast 1100mV 85C Model Hold 'CLOCK_50'
Slack : 0.178
TNS   : 0.000

Type  : Fast 1100mV 85C Model Hold 'clk_div'
Slack : 0.292
TNS   : 0.000

Type  : Fast 1100mV 85C Model Hold 'audio:audio_inst|audio_codec:codec_inst|bclk'
Slack : 0.327
TNS   : 0.000

Type  : Fast 1100mV 85C Model Recovery 'CLOCK_50'
Slack : -0.589
TNS   : -41.136

Type  : Fast 1100mV 85C Model Removal 'CLOCK_50'
Slack : 0.429
TNS   : 0.000

Type  : Fast 1100mV 85C Model Minimum Pulse Width 'CLOCK_50'
Slack : -0.793
TNS   : -30.610

Type  : Fast 1100mV 85C Model Minimum Pulse Width 'clk_div'
Slack : -0.009
TNS   : -0.106

Type  : Fast 1100mV 85C Model Minimum Pulse Width 'audio:audio_inst|audio_codec:codec_inst|bclk'
Slack : 0.086
TNS   : 0.000

Type  : Fast 1100mV 0C Model Setup 'CLOCK_50'
Slack : -3.689
TNS   : -358.048

Type  : Fast 1100mV 0C Model Setup 'audio:audio_inst|audio_codec:codec_inst|bclk'
Slack : -2.205
TNS   : -15.182

Type  : Fast 1100mV 0C Model Setup 'clk_div'
Slack : -0.758
TNS   : -19.278

Type  : Fast 1100mV 0C Model Hold 'CLOCK_50'
Slack : 0.166
TNS   : 0.000

Type  : Fast 1100mV 0C Model Hold 'clk_div'
Slack : 0.258
TNS   : 0.000

Type  : Fast 1100mV 0C Model Hold 'audio:audio_inst|audio_codec:codec_inst|bclk'
Slack : 0.277
TNS   : 0.000

Type  : Fast 1100mV 0C Model Recovery 'CLOCK_50'
Slack : -0.439
TNS   : -26.940

Type  : Fast 1100mV 0C Model Removal 'CLOCK_50'
Slack : 0.384
TNS   : 0.000

Type  : Fast 1100mV 0C Model Minimum Pulse Width 'CLOCK_50'
Slack : -0.744
TNS   : -31.120

Type  : Fast 1100mV 0C Model Minimum Pulse Width 'clk_div'
Slack : 0.034
TNS   : 0.000

Type  : Fast 1100mV 0C Model Minimum Pulse Width 'audio:audio_inst|audio_codec:codec_inst|bclk'
Slack : 0.097
TNS   : 0.000

------------------------------------------------------------
