------------------------------------------------------------
Timing Analyzer Summary
------------------------------------------------------------

Type  : Slow 1100mV 85C Model Setup 'CLOCK_50'
Slack : -4.888
TNS   : -892.179

Type  : Slow 1100mV 85C Model Setup 'audio:audio_inst|audio_codec:codec_inst|bclk'
Slack : -2.506
TNS   : -32.555

Type  : Slow 1100mV 85C Model Setup 'clk_div'
Slack : -2.270
TNS   : -61.445

Type  : Slow 1100mV 85C Model Hold 'CLOCK_50'
Slack : 0.357
TNS   : 0.000

Type  : Slow 1100mV 85C Model Hold 'audio:audio_inst|audio_codec:codec_inst|bclk'
Slack : 0.510
TNS   : 0.000

Type  : Slow 1100mV 85C Model Hold 'clk_div'
Slack : 0.578
TNS   : 0.000

Type  : Slow 1100mV 85C Model Recovery 'CLOCK_50'
Slack : -1.244
TNS   : -153.184

Type  : Slow 1100mV 85C Model Removal 'CLOCK_50'
Slack : 1.031
TNS   : 0.000

Type  : Slow 1100mV 85C Model Minimum Pulse Width 'CLOCK_50'
Slack : -0.828
TNS   : -193.470

Type  : Slow 1100mV 85C Model Minimum Pulse Width 'audio:audio_inst|audio_codec:codec_inst|bclk'
Slack : -0.510
TNS   : -13.772

Type  : Slow 1100mV 85C Model Minimum Pulse Width 'clk_div'
Slack : -0.394
TNS   : -15.639

Type  : Slow 1100mV 0C Model Setup 'CLOCK_50'
Slack : -4.938
TNS   : -871.895

Type  : Slow 1100mV 0C Model Setup 'audio:audio_inst|audio_codec:codec_inst|bclk'
Slack : -2.796
TNS   : -32.479

Type  : Slow 1100mV 0C Model Setup 'clk_div'
Slack : -2.207
TNS   : -59.922

Type  : Slow 1100mV 0C Model Hold 'CLOCK_50'
Slack : 0.375
TNS   : 0.000

Type  : Slow 1100mV 0C Model Hold 'audio:audio_inst|audio_codec:codec_inst|bclk'
Slack : 0.453
TNS   : 0.000

Type  : Slow 1100mV 0C Model Hold 'clk_div'
Slack : 0.576
TNS   : 0.000

Type  : Slow 1100mV 0C Model Recovery 'CLOCK_50'
Slack : -1.161
TNS   : -139.649

Type  : Slow 1100mV 0C Model Removal 'CLOCK_50'
Slack : 0.967
TNS   : 0.000

Type  : Slow 1100mV 0C Model Minimum Pulse Width 'CLOCK_50'
Slack : -0.843
TNS   : -213.590

Type  : Slow 1100mV 0C Model Minimum Pulse Width 'audio:audio_inst|audio_codec:codec_inst|bclk'
Slack : -0.490
TNS   : -14.077

Type  : Slow 1100mV 0C Model Minimum Pulse Width 'clk_div'
Slack : -0.394
TNS   : -15.422

Type  : Fast 1100mV 85C Model Setup 'CLOCK_50'
Slack : -3.207
TNS   : -382.564

Type  : Fast 1100mV 85C Model Setup 'audio:audio_inst|audio_codec:codec_inst|bclk'
Slack : -1.238
TNS   : -14.704

Type  : Fast 1100mV 85C Model Setup 'clk_div'
Slack : -0.959
TNS   : -24.933

Type  : Fast 1100mV 85C Model Hold 'audio:audio_inst|audio_codec:codec_inst|bclk'
Slack : 0.163
TNS   : 0.000

Type  : Fast 1100mV 85C Model Hold 'CLOCK_50'
Slack : 0.177
TNS   : 0.000

Type  : Fast 1100mV 85C Model Hold 'clk_div'
Slack : 0.273
TNS   : 0.000

Type  : Fast 1100mV 85C Model Recovery 'CLOCK_50'
Slack : -0.423
TNS   : -29.132

Type  : Fast 1100mV 85C Model Removal 'CLOCK_50'
Slack : 0.572
TNS   : 0.000

Type  : Fast 1100mV 85C Model Minimum Pulse Width 'CLOCK_50'
Slack : -0.758
TNS   : -30.770

Type  : Fast 1100mV 85C Model Minimum Pulse Width 'audio:audio_inst|audio_codec:codec_inst|bclk'
Slack : -0.205
TNS   : -3.106

Type  : Fast 1100mV 85C Model Minimum Pulse Width 'clk_div'
Slack : 0.061
TNS   : 0.000

Type  : Fast 1100mV 0C Model Setup 'CLOCK_50'
Slack : -2.751
TNS   : -328.318

Type  : Fast 1100mV 0C Model Setup 'audio:audio_inst|audio_codec:codec_inst|bclk'
Slack : -1.293
TNS   : -13.328

Type  : Fast 1100mV 0C Model Setup 'clk_div'
Slack : -0.836
TNS   : -21.636

Type  : Fast 1100mV 0C Model Hold 'audio:audio_inst|audio_codec:codec_inst|bclk'
Slack : 0.159
TNS   : 0.000

Type  : Fast 1100mV 0C Model Hold 'CLOCK_50'
Slack : 0.167
TNS   : 0.000

Type  : Fast 1100mV 0C Model Hold 'clk_div'
Slack : 0.241
TNS   : 0.000

Type  : Fast 1100mV 0C Model Recovery 'CLOCK_50'
Slack : -0.305
TNS   : -13.750

Type  : Fast 1100mV 0C Model Removal 'CLOCK_50'
Slack : 0.513
TNS   : 0.000

Type  : Fast 1100mV 0C Model Minimum Pulse Width 'CLOCK_50'
Slack : -0.730
TNS   : -31.366

Type  : Fast 1100mV 0C Model Minimum Pulse Width 'audio:audio_inst|audio_codec:codec_inst|bclk'
Slack : -0.156
TNS   : -2.486

Type  : Fast 1100mV 0C Model Minimum Pulse Width 'clk_div'
Slack : 0.090
TNS   : 0.000

------------------------------------------------------------
